../Drivers/CMSIS/Include/core_cm3.h:1762:34:__NVIC_SystemReset	4	static,ignoring_inline_asm
../Core/Src/main.c:120:6:microDelay	32	static
../Core/Src/main.c:140:6:receive_signal_handling	24	static
../Core/Src/main.c:282:6:erase_memory	8	static
../Core/Src/main.c:304:10:read_line_length	16	static
../Core/Src/main.c:309:9:check_cs	32	static
../Core/Src/main.c:321:6:HAL_I2C_ListenCpltCallback	16	static
../Core/Src/main.c:325:6:HAL_I2C_AddrCallback	16	static
../Core/Src/main.c:352:5:main	8	static,ignoring_inline_asm
../Core/Src/main.c:449:6:SystemClock_Config	72	static
../Core/Src/main.c:489:13:MX_I2C1_Init	8	static
../Core/Src/main.c:523:13:MX_TIM2_Init	32	static
../Core/Src/main.c:568:13:MX_GPIO_Init	40	static
../Core/Src/main.c:634:6:Error_Handler	4	static,ignoring_inline_asm
